$ /usr/bin/python3 /home/duanjb666/bat2sh/research/behavior-tracking/tools/collect.py --sample /home/duanjb666/下载/deepseek_bat_20260914_67345f.bat --guest-name s02.bat --output results/batch/s02.json --network isolated --timeout 120 --domain win-behavior --connect qemu:///system --workdir C:\poc\samples

== check_env ==
  [ok  ] sudo(免密): sudo -n 可用
  [ok  ] 域存在/可查询: win-behavior @ qemu:///system → shut off
  [ok  ] ufw 放行 virbr0: virbr0 已放行（in + route）
  [ok  ] DHCP 未被丢弃: **本模式下无鉴别力**：链路 down ⇒ 不会有 DHCP ⇒ 计数必然静止（恒真，不构成证据）
  [ok  ] 基线存在/无 backing: /var/lib/libvirt/images/win-behavior.base.qcow2
  [ok  ] 域磁盘非基线: 域磁盘 = /var/lib/libvirt/images/win-behavior.qcow2
  全部 6 项通过

== revert ==
  停机(destroy) 0 ms
  **纯回滚操作 revert_op_ms = 77 ms**  (判据 < 30000 ms)
== network == mode=isolated
  default/down → default/down  bridge=virbr0
== boot ==
  agent 就绪 16255 ms  (state=connected)
== environment ==
  guest_os: Windows 10 Pro
  guest_version: Microsoft Windows 11
  kernel_release: 29599
  machine: x86_64
  guest_agent_version: 110.2.3
  guest_agent_commands: 37
  console_codepage: 936

== baseline manifest ==
  6 项，baseline_manifest_hash = sha256:72d287ebce94b19275ded3c6f5a69babe0f6e4ff2f78dd6638475584421e05df

== upload ==
  1262 字节 → C:\poc\samples\s02.bat

== execute ==
  嗅探已就绪 100 ms (iface=virbr0)
  exit_code = 255  signal = None  duration_ms = 358
  out_truncated = False  err_truncated = False
  stdout = ''
  stderr = '\'cho\' 不是内部或外部命令，也不是可运行的程序\r\n或批处理文件。\r\n\'%i\' 不是内部或外部命令，也不是可运行的程序\r\n或批处理文件。\r\n\'Parsing\' 不是内部或外部命令，也不是可运行的程序\r\n或批处理文件。\r\n\'Apple\' 不是内部或外部命令，也不是可运行的程序\r\n或批处理文件。\r\n\'c\' 不是内部或外部命令，也不是可运行的程序\r\n或批处理文件。\r\n\'Skip\' 不是内部或外部命令，也不是可运行的程序\r\n或批处理文件。\r\n\'e\' 不是内部或外部命令，也不是可运行的程序\r\n或批处理文件。\r\n\'skip\' 不是内部或外部命令，也不是可运行的程序\r\n或批处理文件。\r\n\'backq\' 不是内部或外部命令，也不是可运行的程序\r\n或批处理文件。\r\n\'*" %x in (`echo Hello from usebackq`) do (\' 不是内部或外部命令，也不是可运行的程序\r\n或批处理文件。\r\n\'欢閬嶅巻\' 不是内部或外部命令，也不是可运行的程序\r\n或批处理文件。\r\n系统找不到指定的路径。\r\n\'ound:\' 不是内部或外部命令，也不是可运行的程序\r\n或批处理文件。\r\n\'-\' 不是内部或外部命令，也不是可运行的程序\r\n或批处理文件。\r\n此时不应有 /D:。\r\n'

== network fingerprint ==
  mode=isolated isolated=True method=nic-link-down
  attempted=None  egress_frames=0  bytes_sent=0 bytes_recv=0
  note: egress_frames=0 —— 隔离的硬证据

== after manifest ==
  7 项
  created  = []
  modified = []
  deleted  = []
  created_dirs = []
  known_artifacts = ['C:\\poc\\samples\\s02.bat']

== base 完整性 == 未被写入 ✅

== stop ==

== report ==
  样本        : deepseek_bat_20260914_67345f.bat  sha256=7b5dec0a44d33ed9…
  exit_code   : 255
  stdout      : ''
  created     : []
  network     : mode=isolated isolated=True egress_frames=0 conns=0
  revert_op_ms: 77
  agent_ready : 16255
  cycle_ms    : 37827
  指纹已写入  : /home/duanjb666/bat2sh/research/behavior-tracking/results/batch/s02.json
  --- 分段计时 (ms) ---
    env_check            230
    revert               162
    network_apply        820
    agent_wait           16488
    environment          579
    baseline_manifest    14598
    upload               89
    capture              328
    execute              798
    after_manifest       5128
    total_ms             39292
