$ /usr/bin/python3 /home/duanjb666/bat2sh/research/behavior-tracking/tools/collect.py --sample /home/duanjb666/下载/bat-master/汉字横排变竖排---转置.bat --guest-name s10.bat --output results/batch/s10.json --network isolated --timeout 120 --domain win-behavior --connect qemu:///system --workdir C:\poc\samples

== check_env ==
  [ok  ] sudo(免密): sudo -n 可用
  [ok  ] 域存在/可查询: win-behavior @ qemu:///system → shut off
  [ok  ] ufw 放行 virbr0: virbr0 已放行（in + route）
  [ok  ] DHCP 未被丢弃: **本模式下无鉴别力**：链路 down ⇒ 不会有 DHCP ⇒ 计数必然静止（恒真，不构成证据）
  [ok  ] 基线存在/无 backing: /var/lib/libvirt/images/win-behavior.base.qcow2
  [ok  ] 域磁盘非基线: 域磁盘 = /var/lib/libvirt/images/win-behavior.qcow2
  全部 6 项通过

== revert ==
  停机(destroy) 0 ms
  **纯回滚操作 revert_op_ms = 77 ms**  (判据 < 30000 ms)
== network == mode=isolated
  default/down → default/down  bridge=virbr0
== boot ==
  agent 就绪 16239 ms  (state=connected)
== environment ==
  guest_os: Windows 10 Pro
  guest_version: Microsoft Windows 11
  kernel_release: 29599
  machine: x86_64
  guest_agent_version: 110.2.3
  guest_agent_commands: 37
  console_codepage: 936

== baseline manifest ==
  6 项，baseline_manifest_hash = sha256:72d287ebce94b19275ded3c6f5a69babe0f6e4ff2f78dd6638475584421e05df

== upload ==
  571 字节 → C:\poc\samples\s10.bat

== execute ==
  嗅探已就绪 100 ms (iface=virbr0)
  exit_code = 1  signal = None  duration_ms = 354
  out_truncated = False  err_truncated = False
  stdout = '\r\nC:\\poc\\samples>setlocal enabledelayedexpansion \r\n\r\nC:\\poc\\samples>lims=" %a in (a.txt) do call:han "%a" \r\n\r\nC:\\poc\\samples>in (1,1,) do set Xing=\u3000!Xing! \r\n\r\nC:\\poc\\samples>elims=" %a in (a.txt) do ( \r\n\r\nC:\\poc\\samples>et Han=%a \r\n\r\nC:\\poc\\samples>or /l %b in (0,1,) do set #%b=|!Han:~%b,1!!#%b! \r\n\r\nC:\\poc\\samples>Ye-=1 \r\n\r\nC:\\poc\\samples>Yea!)1>b.txt \r\n\r\nC:\\poc\\samples>~1\r\n\r\nC:\\poc\\samples>d Ye (set Gu=) else set Gu=0 \r\n\r\nC:\\poc\\samples>Han:~,1!"=="" ( \r\n\r\nC:\\poc\\samples>f ""=="" set Ye= \r\n\r\nC:\\poc\\samples>f  gtr  set Ye= \r\n\r\nC:\\poc\\samples>oto:eof\r\n\r\nC:\\poc\\samples>u+=1 \r\n\r\nC:\\poc\\samples>em  用┇分割每行效果好 \r\n'
  stderr = "'lims' 不是内部或外部命令，也不是可运行的程序\r\n或批处理文件。\r\n'in' 不是内部或外部命令，也不是可运行的程序\r\n或批处理文件。\r\n'elims' 不是内部或外部命令，也不是可运行的程序\r\n或批处理文件。\r\n'et' 不是内部或外部命令，也不是可运行的程序\r\n或批处理文件。\r\n'or' 不是内部或外部命令，也不是可运行的程序\r\n或批处理文件。\r\n'Ye-' 不是内部或外部命令，也不是可运行的程序\r\n或批处理文件。\r\n'Yea)' 不是内部或外部命令，也不是可运行的程序\r\n或批处理文件。\r\n'~1' 不是内部或外部命令，也不是可运行的程序\r\n或批处理文件。\r\n'd' 不是内部或外部命令，也不是可运行的程序\r\n或批处理文件。\r\n文件名、目录名或卷标语法不正确。\r\n'f' 不是内部或外部命令，也不是可运行的程序\r\n或批处理文件。\r\n'f' 不是内部或外部命令，也不是可运行的程序\r\n或批处理文件。\r\n文件名、目录名或卷标语法不正确。\r\n'u+' 不是内部或外部命令，也不是可运行的程序\r\n或批处理文件。\r\n'em' 不是内部或外部命令，也不是可运行的程序\r\n或批处理文件。\r\n"

== network fingerprint ==
  mode=isolated isolated=True method=nic-link-down
  attempted=None  egress_frames=0  bytes_sent=0 bytes_recv=0
  note: egress_frames=0 —— 隔离的硬证据

== after manifest ==
  8 项
  created  = ['C:\\poc\\samples\\b.txt']
  modified = []
  deleted  = []
  created_dirs = []
  known_artifacts = ['C:\\poc\\samples\\s10.bat']

== base 完整性 == 未被写入 ✅

== stop ==

== report ==
  样本        : 汉字横排变竖排---转置.bat  sha256=c347b35eaafd0f68…
  exit_code   : 1
  stdout      : '\r\nC:\\poc\\samples>setlocal enabledelayedexpansion \r\n\r\nC:\\poc\\samples>lims=" %a in (a.txt) do call:han "%a" \r\n\r\nC:\\poc\\samples>in (1,1,) do set Xing=\u3000!Xing! \r\n\r\nC:\\poc\\samples>elims=" %a in (a.txt) do ( \r\n\r\nC:\\poc\\samples>et Han=%a \r\n\r\nC:\\poc\\samples>or /l %b in (0,1,) do set #%b=|!Han:~%b,1!!#%b! \r\n\r\nC:\\poc\\samples>Ye-=1 \r\n\r\nC:\\poc\\samples>Yea!)1>b.txt \r\n\r\nC:\\poc\\samples>~1\r\n\r\nC:\\poc\\samples>d Ye (set Gu=) else set Gu=0 \r\n\r\nC:\\poc\\samples>Han:~,1!"=="" ( \r\n\r\nC:\\poc\\samples>f ""=="" set Ye= \r\n\r\nC:\\poc\\samples>f  gtr  set Ye= \r\n\r\nC:\\poc\\samples>oto:eof\r\n\r\nC:\\poc\\samples>u+=1 \r\n\r\nC:\\poc\\samples>em  用┇分割每行效果好 \r\n'
  created     : ['C:\\poc\\samples\\b.txt']
  network     : mode=isolated isolated=True egress_frames=0 conns=0
  revert_op_ms: 77
  agent_ready : 16239
  cycle_ms    : 37778
  指纹已写入  : /home/duanjb666/bat2sh/research/behavior-tracking/results/batch/s10.json
  --- 分段计时 (ms) ---
    env_check            237
    revert               159
    network_apply        970
    agent_wait           16486
    environment          522
    baseline_manifest    14612
    upload               86
    capture              179
    execute              790
    after_manifest       5135
    total_ms             39393
